// Jest Snapshot v1, https://goo.gl/fbAQLP

exports[`NotFound 1`] = `
<div
  className="flexBox flexColumn container wide"
>
  <h2>
    Page Not Found
  </h2>
  <div
    className="container"
  >
    <a
      href="#/"
      onClick={[Function]}
    >
      Go to main page
    </a>
  </div>
</div>
`;
