// Jest Snapshot v1, https://goo.gl/fbAQLP

exports[`Menu 1`] = `
<div
  className="flexBox nav-menu__root"
  id="menu"
>
  <a
    className="nav-menu__item"
    href="#/"
    onClick={[Function]}
  >
    Main
  </a>
  <a
    className="nav-menu__item"
    href="#/about"
    onClick={[Function]}
  >
    About
  </a>
  <a
    className="nav-menu__item"
    href="#/blog"
    onClick={[Function]}
  >
    Blog
  </a>
  <a
    className="nav-menu__item"
    href="#/career"
    onClick={[Function]}
  >
    Career
  </a>
  <a
    className="nav-menu__item"
    href="#/contacts"
    onClick={[Function]}
  >
    Contacts
  </a>
</div>
`;
