// Jest Snapshot v1, https://goo.gl/fbAQLP

exports[`GitHub 1`] = `
<div
  className="flexBox justifyContentCenter container"
>
  <div
    className="contributions"
  />
  <div
    className="flexBox flexGrow-1 flexShrink-1 justifyContentCenter"
  >
    <div
      className="container"
    />
  </div>
</div>
`;
