// Jest Snapshot v1, https://goo.gl/fbAQLP

exports[`LoadingIndicator Should match snapshot 1`] = `
<Styled(MuiBox)
  alignItems="center"
  className="makeStyles-loadingIndicatorContainer-1"
  display="flex"
  flexBasis="100%"
  flexGrow={1}
  justifyContent="center"
>
  <div
    className="makeStyles-loadingIndicator-2"
  />
</Styled(MuiBox)>
`;
